 ----
| a.a0
 ----
A(CREATED) listeners: []
 ----
| a.a1
 ----
A(COMPUTED) listeners: []
 ----
| a.a2
 ----
A(COMPUTED) listeners: []
 ----
| a.a3
 ----
A(COMPUTED) listeners: []
 ----
| a.a4
 ----
A(COMPUTED) listeners: []
 ----
| a.a5
 ----
A(COMPUTED) listeners: []
 ----
| a.a6
 ----
A(COMPUTED) listeners: []
 ----
| a.a7
 ----
A(COMPUTED) listeners: []
 ----
| a.a8
 ----
A(COMPUTED) listeners: []
